2025-11-14 05:20:50,561 INFO o.a.j.u.JMeterUtils: Setting Locale to en_EN
2025-11-14 05:20:50,570 INFO o.a.j.JMeter: Loading user properties from: user.properties
2025-11-14 05:20:50,570 INFO o.a.j.JMeter: Loading system properties from: system.properties
2025-11-14 05:20:50,574 INFO o.a.j.JMeter: Copyright (c) 1998-2024 The Apache Software Foundation
2025-11-14 05:20:50,574 INFO o.a.j.JMeter: Version 5.6.3
2025-11-14 05:20:50,574 INFO o.a.j.JMeter: java.version=25.0.1
2025-11-14 05:20:50,574 INFO o.a.j.JMeter: java.vm.name=OpenJDK 64-Bit Server VM
2025-11-14 05:20:50,574 INFO o.a.j.JMeter: os.name=Windows 11
2025-11-14 05:20:50,574 INFO o.a.j.JMeter: os.arch=amd64
2025-11-14 05:20:50,574 INFO o.a.j.JMeter: os.version=10.0
2025-11-14 05:20:50,574 INFO o.a.j.JMeter: file.encoding=UTF-8
2025-11-14 05:20:50,574 INFO o.a.j.JMeter: java.awt.headless=null
2025-11-14 05:20:50,574 INFO o.a.j.JMeter: Max memory     =1073741824
2025-11-14 05:20:50,574 INFO o.a.j.JMeter: Available Processors =8
2025-11-14 05:20:50,584 INFO o.a.j.JMeter: Default Locale=English (EN)
2025-11-14 05:20:50,584 INFO o.a.j.JMeter: JMeter  Locale=English (EN)
2025-11-14 05:20:50,584 INFO o.a.j.JMeter: JMeterHome=C:\Users\macia\Desktop\Year 2\Year_2\DS\coursework2\apache-jmeter-5.6.3
2025-11-14 05:20:50,584 INFO o.a.j.JMeter: user.dir  =C:\Users\macia\Desktop\Year 2\Year_2\DS\coursework2\apache-jmeter-5.6.3\bin
2025-11-14 05:20:50,584 INFO o.a.j.JMeter: PWD       =C:\Users\macia\Desktop\Year 2\Year_2\DS\coursework2\apache-jmeter-5.6.3\bin
2025-11-14 05:20:50,620 INFO o.a.j.JMeter: IP: 192.168.0.74 Name: PC_chida_3 FullName: 192.168.0.74
2025-11-14 05:20:50,625 INFO o.a.j.JMeter: Loaded icon properties from org/apache/jmeter/images/icon.properties
2025-11-14 05:20:50,738 INFO o.a.j.JMeterGuiLauncher: Setting LAF to: com.github.weisj.darklaf.DarkLaf:com.github.weisj.darklaf.theme.DarculaTheme
2025-11-14 05:22:54,497 INFO o.a.j.p.h.s.HTTPSamplerBase: Parser for text/html is org.apache.jmeter.protocol.http.parser.LagartoBasedHtmlParser
2025-11-14 05:22:54,497 INFO o.a.j.p.h.s.HTTPSamplerBase: Parser for application/xhtml+xml is org.apache.jmeter.protocol.http.parser.LagartoBasedHtmlParser
2025-11-14 05:22:54,497 INFO o.a.j.p.h.s.HTTPSamplerBase: Parser for application/xml is org.apache.jmeter.protocol.http.parser.LagartoBasedHtmlParser
2025-11-14 05:22:54,497 INFO o.a.j.p.h.s.HTTPSamplerBase: Parser for text/xml is org.apache.jmeter.protocol.http.parser.LagartoBasedHtmlParser
2025-11-14 05:22:54,497 INFO o.a.j.p.h.s.HTTPSamplerBase: Parser for text/vnd.wap.wml is org.apache.jmeter.protocol.http.parser.RegexpHTMLParser
2025-11-14 05:22:54,497 INFO o.a.j.p.h.s.HTTPSamplerBase: Parser for text/css is org.apache.jmeter.protocol.http.parser.CssParser
2025-11-14 05:26:35,987 INFO o.a.j.s.FileServer: Default base='C:\Users\macia\Desktop\Year 2\Year_2\DS\coursework2\apache-jmeter-5.6.3\bin'
2025-11-14 05:26:35,987 INFO o.a.j.s.FileServer: Set new base='C:\Users\macia\Desktop\Year 2\Year_2\DS\coursework2\apache-jmeter-5.6.3\bin\templates'
2025-11-14 05:26:36,094 INFO o.a.j.s.SaveService: Testplan (JMX) version: 2.2. Testlog (JTL) version: 2.2
2025-11-14 05:26:36,106 INFO o.a.j.s.SaveService: Using SaveService properties version 5.0
2025-11-14 05:26:36,106 INFO o.a.j.s.SaveService: Using SaveService properties file encoding UTF-8
2025-11-14 05:27:01,467 ERROR o.a.j.g.a.AbstractAction: Could not delete existing file C:\Users\macia\Desktop\Year 2\Year_2\DS\coursework2\apache-jmeter-5.6.3\bin
2025-11-14 05:29:44,955 ERROR o.a.j.g.a.AbstractAction: Could not delete existing file C:\Users\macia\Desktop\Year 2\Year_2\DS\coursework2\apache-jmeter-5.6.3\bin
2025-11-14 05:29:49,403 ERROR o.a.j.g.a.AbstractAction: Could not delete existing file C:\Users\macia\Desktop\Year 2\Year_2\DS\coursework2\apache-jmeter-5.6.3\bin
2025-11-14 05:30:34,040 ERROR o.a.j.g.a.AbstractAction: Could not delete existing file C:\Users\macia\Desktop\Year 2\Year_2\DS\coursework2\apache-jmeter-5.6.3\bin
2025-11-14 05:31:02,427 ERROR o.a.j.g.a.AbstractAction: Could not delete existing file C:\Users\macia\Desktop\Year 2\Year_2\DS\coursework2\apache-jmeter-5.6.3\bin
2025-11-14 05:31:19,241 INFO o.a.j.e.StandardJMeterEngine: Running the test!
2025-11-14 05:31:19,241 INFO o.a.j.s.SampleEvent: List of sample_variables: []
2025-11-14 05:31:19,241 INFO o.a.j.s.SampleEvent: List of sample_variables: []
2025-11-14 05:31:19,241 INFO o.a.j.e.u.CompoundVariable: Note: Function class names must contain the string: '.functions.'
2025-11-14 05:31:19,241 INFO o.a.j.e.u.CompoundVariable: Note: Function class names must not contain the string: '.gui.'
2025-11-14 05:31:19,261 INFO o.a.j.g.u.JMeterMenuBar: setRunning(true, *local*)
2025-11-14 05:31:19,281 INFO o.a.j.e.StandardJMeterEngine: Starting ThreadGroup: 1 : Thread Group
2025-11-14 05:31:19,282 INFO o.a.j.e.StandardJMeterEngine: Starting 1 threads for group Thread Group.
2025-11-14 05:31:19,282 INFO o.a.j.e.StandardJMeterEngine: Thread will continue on error
2025-11-14 05:31:19,282 INFO o.a.j.t.ThreadGroup: Starting thread group... number=1 threads=1 ramp-up=1 delayedStart=false
2025-11-14 05:31:19,283 INFO o.a.j.t.ThreadGroup: Started thread group number 1
2025-11-14 05:31:19,283 INFO o.a.j.e.StandardJMeterEngine: All thread groups have been started
2025-11-14 05:31:19,283 INFO o.a.j.t.JMeterThread: Thread started: Thread Group 1-1
2025-11-14 05:31:19,288 INFO o.a.j.p.h.s.HTTPHCAbstractImpl: Local host = PC_chida_3
2025-11-14 05:31:19,291 INFO o.a.j.p.h.s.HTTPHC4Impl: HTTP request retry count = 0
2025-11-14 05:31:19,291 INFO o.a.j.s.SampleResult: Note: Sample TimeStamps are START times
2025-11-14 05:31:19,291 INFO o.a.j.s.SampleResult: sampleresult.default.encoding is set to UTF-8
2025-11-14 05:31:19,291 INFO o.a.j.s.SampleResult: sampleresult.useNanoTime=true
2025-11-14 05:31:19,291 INFO o.a.j.s.SampleResult: sampleresult.nanoThreadSleep=5000
2025-11-14 05:31:19,381 INFO o.a.j.p.h.s.h.LazyLayeredConnectionSocketFactory: Setting up HTTPS TrustAll Socket Factory
2025-11-14 05:31:19,383 INFO o.a.j.u.JsseSSLManager: Using default SSL protocol: TLS
2025-11-14 05:31:19,383 INFO o.a.j.u.JsseSSLManager: SSL session context: per-thread
2025-11-14 05:31:19,450 INFO o.a.j.u.SSLManager: JmeterKeyStore Location:  type JKS
2025-11-14 05:31:19,452 INFO o.a.j.u.SSLManager: KeyStore created OK
2025-11-14 05:31:19,452 WARN o.a.j.u.SSLManager: Keystore file not found, loading empty keystore
2025-11-14 05:31:23,439 INFO o.a.j.t.JMeterThread: Thread is done: Thread Group 1-1
2025-11-14 05:31:23,439 INFO o.a.j.t.JMeterThread: Thread finished: Thread Group 1-1
2025-11-14 05:31:23,440 INFO o.a.j.e.StandardJMeterEngine: Notifying test listeners of end of test
2025-11-14 05:31:23,440 INFO o.a.j.g.u.JMeterMenuBar: setRunning(false, *local*)
2025-11-14 05:32:44,189 INFO o.a.j.e.StandardJMeterEngine: Running the test!
2025-11-14 05:32:44,189 INFO o.a.j.s.SampleEvent: List of sample_variables: []
2025-11-14 05:32:44,190 INFO o.a.j.g.u.JMeterMenuBar: setRunning(true, *local*)
2025-11-14 05:32:44,208 INFO o.a.j.e.StandardJMeterEngine: Starting ThreadGroup: 1 : Thread Group
2025-11-14 05:32:44,208 INFO o.a.j.e.StandardJMeterEngine: Starting 1 threads for group Thread Group.
2025-11-14 05:32:44,208 INFO o.a.j.e.StandardJMeterEngine: Thread will continue on error
2025-11-14 05:32:44,208 INFO o.a.j.t.ThreadGroup: Starting thread group... number=1 threads=1 ramp-up=1 delayedStart=false
2025-11-14 05:32:44,208 INFO o.a.j.t.ThreadGroup: Started thread group number 1
2025-11-14 05:32:44,208 INFO o.a.j.e.StandardJMeterEngine: All thread groups have been started
2025-11-14 05:32:44,209 INFO o.a.j.t.JMeterThread: Thread started: Thread Group 1-1
2025-11-14 05:32:44,621 INFO o.a.j.t.JMeterThread: Thread is done: Thread Group 1-1
2025-11-14 05:32:44,621 INFO o.a.j.t.JMeterThread: Thread finished: Thread Group 1-1
2025-11-14 05:32:44,621 INFO o.a.j.e.StandardJMeterEngine: Notifying test listeners of end of test
2025-11-14 05:32:44,621 INFO o.a.j.g.u.JMeterMenuBar: setRunning(false, *local*)
2025-11-14 05:43:01,332 INFO o.a.j.e.StandardJMeterEngine: Running the test!
2025-11-14 05:43:01,333 INFO o.a.j.s.SampleEvent: List of sample_variables: []
2025-11-14 05:43:01,333 INFO o.a.j.g.u.JMeterMenuBar: setRunning(true, *local*)
2025-11-14 05:43:01,349 INFO o.a.j.e.StandardJMeterEngine: Starting ThreadGroup: 1 : Thread Group
2025-11-14 05:43:01,349 INFO o.a.j.e.StandardJMeterEngine: Starting 1 threads for group Thread Group.
2025-11-14 05:43:01,349 INFO o.a.j.e.StandardJMeterEngine: Thread will continue on error
2025-11-14 05:43:01,349 INFO o.a.j.t.ThreadGroup: Starting thread group... number=1 threads=1 ramp-up=1 delayedStart=false
2025-11-14 05:43:01,350 INFO o.a.j.t.ThreadGroup: Started thread group number 1
2025-11-14 05:43:01,350 INFO o.a.j.e.StandardJMeterEngine: All thread groups have been started
2025-11-14 05:43:01,350 INFO o.a.j.t.JMeterThread: Thread started: Thread Group 1-1
2025-11-14 05:43:02,307 INFO o.a.j.t.JMeterThread: Thread is done: Thread Group 1-1
2025-11-14 05:43:02,307 INFO o.a.j.t.JMeterThread: Thread finished: Thread Group 1-1
2025-11-14 05:43:02,307 INFO o.a.j.e.StandardJMeterEngine: Notifying test listeners of end of test
2025-11-14 05:43:02,307 INFO o.a.j.g.u.JMeterMenuBar: setRunning(false, *local*)
2025-11-14 05:43:49,369 ERROR o.a.j.g.a.AbstractAction: Could not delete existing file C:\Users\macia\Desktop\Year 2\Year_2\DS\coursework2\apache-jmeter-5.6.3\bin
